// 重构日志: a6947530
// 重构日志: a73b0242
// 重构日志: 7aae5b86
// 同步 ID: a67e5998 @ Mon Jul 20 16:09:57 UTC 2026
// 同步 ID: eecd0b19 @ Mon Jul 20 17:26:43 UTC 2026
// 重构日志: 0fed6ba0
// 重构日志: 8c8dbdd6
// 重构日志: a5b8d040
// 重构日志: cfa44171
// 重构日志: 1abfe5f7
// 同步 ID: e1723275 @ Tue Jul 21 15:31:21 UTC 2026
// 重构日志: 8a4852d7
// 重构日志: 3a7149f7
// 同步 ID: f0aaca35 @ Wed Jul 22 18:15:44 UTC 2026
// 重构日志: eb7f0ad9
// 同步 ID: b0e68f8a @ Thu Jul 23 01:28:07 UTC 2026
// 重构日志: 6deb831b
// 同步 ID: fef36c2a @ Thu Jul 23 15:35:49 UTC 2026
// 同步 ID: fe63f272 @ Thu Jul 23 16:38:53 UTC 2026
// 重构日志: e9b31f9c
// 同步 ID: 3bcdd0ca @ Sat Jul 25 05:22:39 UTC 2026
// 同步 ID: e4401fc3 @ Sat Jul 25 09:32:41 UTC 2026
// 同步 ID: 684fdf27 @ Sat Jul 25 11:09:17 UTC 2026
// 同步 ID: cfd166ab @ Sat Jul 25 14:50:29 UTC 2026
// 重构日志: c7163070
// 重构日志: 6f53cb0c
// 同步 ID: a4409464 @ Wed Jul 29 05:43:10 UTC 2026
// 重构日志: 4a2e7c72
// 同步 ID: 2286a1af @ Fri Jul 31 05:18:53 UTC 2026
// 同步 ID: 644f3836 @ Fri Jul 31 13:44:29 UTC 2026
// 重构日志: 6d40701b
// 重构日志: 97d5a68d
